#-----------------------------------------------------------
# Vivado v2019.2 (64-bit)
# SW Build 2708876 on Wed Nov  6 21:40:23 MST 2019
# IP Build 2700528 on Thu Nov  7 00:09:20 MST 2019
# Start of session at: Sat Jun  1 15:14:21 2024
# Process ID: 2004
# Current directory: C:/2024_CA_LAB/LAB/Final_Project/hardware/sim/xsim_peripheral_seg_tb/MIPS_System_SEG_sim
# Command line: vivado.exe -gui_launcher_event rodinguilauncherevent17872 C:\2024_CA_LAB\LAB\Final_Project\hardware\sim\xsim_peripheral_seg_tb\MIPS_System_SEG_sim\MIPS_System_SEG_sim.xpr
# Log file: C:/2024_CA_LAB/LAB/Final_Project/hardware/sim/xsim_peripheral_seg_tb/MIPS_System_SEG_sim/vivado.log
# Journal file: C:/2024_CA_LAB/LAB/Final_Project/hardware/sim/xsim_peripheral_seg_tb/MIPS_System_SEG_sim\vivado.jou
#-----------------------------------------------------------
start_gui
open_project C:/2024_CA_LAB/LAB/Final_Project/hardware/sim/xsim_peripheral_seg_tb/MIPS_System_SEG_sim/MIPS_System_SEG_sim.xpr
launch_simulation
source peripheral_tests_tb.tcl
update_compile_order -fileset sources_1
relaunch_sim
open_wave_config {C:/2024_CA_LAB/LAB/Final_Project/hardware/sim/xsim_peripheral_led_tb/peripheral_tests_tb_behav.wcfg}
relaunch_sim
close_sim
